// Jest Snapshot v1, https://goo.gl/fbAQLP

exports[`should render to output file 1`] = `
"<?xml version=\\"1.0\\" encoding=\\"UTF-8\\" standalone=\\"no\\"?>
<!DOCTYPE svg PUBLIC \\"-//W3C//DTD SVG 1.1//EN\\"
 \\"http://www.w3.org/Graphics/SVG/1.1/DTD/svg11.dtd\\">
<!-- Generated by graphviz version 2.47.0 (20210316.1810)
 -->
<!-- Title: G Pages: 1 -->
<svg width=\\"356pt\\" height=\\"320pt\\"
 viewBox=\\"0.00 0.00 356.21 320.42\\" xmlns=\\"http://www.w3.org/2000/svg\\" xmlns:xlink=\\"http://www.w3.org/1999/xlink\\">
<g id=\\"graph0\\" class=\\"graph\\" transform=\\"scale(1 1) rotate(0) translate(4 316.42)\\">
<title>G</title>
<polygon fill=\\"white\\" stroke=\\"transparent\\" points=\\"-4,4 -4,-316.42 352.21,-316.42 352.21,4 -4,4\\"/>
<!-- a -->
<g id=\\"node1\\" class=\\"node\\">
<title>a</title>
<ellipse fill=\\"none\\" stroke=\\"black\\" cx=\\"120.21\\" cy=\\"-192.21\\" rx=\\"120.42\\" ry=\\"120.42\\"/>
<image xlink:href=\\"https://github.com/balles/diagrams-ts/raw/main/generated-assets/logo-small.png\\" width=\\"225px\\" height=\\"225px\\" preserveAspectRatio=\\"xMinYMin meet\\" x=\\"7.70815\\" y=\\"-304.708\\"/>
<text text-anchor=\\"middle\\" x=\\"120.21\\" y=\\"-188.01\\" font-family=\\"Times,serif\\" font-size=\\"14.00\\">a</text>
</g>
<!-- a1 -->
<g id=\\"node2\\" class=\\"node\\">
<title>a1</title>
<ellipse fill=\\"none\\" stroke=\\"black\\" cx=\\"285.21\\" cy=\\"-192.21\\" rx=\\"27\\" ry=\\"18\\"/>
<text text-anchor=\\"middle\\" x=\\"285.21\\" y=\\"-188.01\\" font-family=\\"Times,serif\\" font-size=\\"14.00\\">a1</text>
</g>
<!-- b2 -->
<g id=\\"node3\\" class=\\"node\\">
<title>b2</title>
<ellipse fill=\\"none\\" stroke=\\"black\\" cx=\\"249.21\\" cy=\\"-18\\" rx=\\"27\\" ry=\\"18\\"/>
<text text-anchor=\\"middle\\" x=\\"249.21\\" y=\\"-13.8\\" font-family=\\"Times,serif\\" font-size=\\"14.00\\">b2</text>
</g>
<!-- a1&#45;&gt;b2 -->
<g id=\\"edge1\\" class=\\"edge\\">
<title>a1&#45;&gt;b2</title>
<path fill=\\"none\\" stroke=\\"black\\" d=\\"M281.62,-174.07C275.37,-144.15 262.42,-82.19 254.92,-46.31\\"/>
<polygon fill=\\"black\\" stroke=\\"black\\" points=\\"258.25,-45.14 252.78,-36.07 251.4,-46.58 258.25,-45.14\\"/>
</g>
<!-- b3 -->
<g id=\\"node4\\" class=\\"node\\">
<title>b3</title>
<ellipse fill=\\"none\\" stroke=\\"black\\" cx=\\"321.21\\" cy=\\"-18\\" rx=\\"27\\" ry=\\"18\\"/>
<text text-anchor=\\"middle\\" x=\\"321.21\\" y=\\"-13.8\\" font-family=\\"Times,serif\\" font-size=\\"14.00\\">b3</text>
</g>
<!-- a1&#45;&gt;b3 -->
<g id=\\"edge2\\" class=\\"edge\\">
<title>a1&#45;&gt;b3</title>
<path fill=\\"none\\" stroke=\\"black\\" d=\\"M288.79,-174.07C295.05,-144.15 308,-82.19 315.5,-46.31\\"/>
<polygon fill=\\"black\\" stroke=\\"black\\" points=\\"319.02,-46.58 317.64,-36.07 312.17,-45.14 319.02,-46.58\\"/>
</g>
</g>
</svg>
"
`;
